<svg xmlns="http://www.w3.org/2000/svg" xmlns:svg="http://www.w3.org/2000/svg" xmlns:xlink="http://www.w3.org/1999/xlink" xmlns:sodipodi="http://sodipodi.sourceforge.net/DTD/sodipodi-0.dtd" xmlns:inkscape="http://www.inkscape.org/namespaces/inkscape" viewBox="0.0 0.0 1280.0 800.0" width="1280.0" height="800.0">
    <sodipodi:namedview guidecolor="#0080dc" guideopacity="0.8000000715255737"/><g style="opacity:1.0"><rect x="0.0" y="0.0" width="1280.0" height="800.0" rx="0.0" style="fill:#5ca6b7;fill-opacity:1.0;stroke:none;stroke-opacity:1.0"/></g><g style="opacity:1.0"><rect x="0.0" y="0.0" width="320.0" height="200.0" rx="0.0" style="fill:#d4643e;fill-opacity:1.0;stroke:none;stroke-opacity:1.0"/></g><g style="opacity:1.0;mix-blend-mode:soft-light"><rect x="0.0" y="0.0" width="320.0" height="200.0" rx="0.0" transform="translate(0, 400)" style="fill:#d4643e;fill-opacity:1.0;stroke:none;stroke-opacity:1.0"/></g><g style="opacity:1.0;mix-blend-mode:lighten"><rect x="0.0" y="0.0" width="320.0" height="200.0" rx="0.0" transform="translate(0, 200)" style="fill:#d4643e;fill-opacity:1.0;stroke:none;stroke-opacity:1.0"/></g><g style="opacity:1.0;mix-blend-mode:hue"><rect x="0.0" y="0.0" width="320.0" height="200.0" rx="0.0" transform="translate(0, 600)" style="fill:#d4643e;fill-opacity:1.0;stroke:none;stroke-opacity:1.0"/></g><g style="opacity:1.0;mix-blend-mode:darken"><rect x="0.0" y="0.0" width="320.0" height="200.0" rx="0.0" transform="translate(320, 0)" style="fill:#d4643e;fill-opacity:1.0;stroke:none;stroke-opacity:1.0"/></g><g style="opacity:1.0;mix-blend-mode:hard-light"><rect x="0.0" y="0.0" width="320.0" height="200.0" rx="0.0" transform="translate(320, 400)" style="fill:#d4643e;fill-opacity:1.0;stroke:none;stroke-opacity:1.0"/></g><g style="opacity:1.0;mix-blend-mode:screen"><rect x="0.0" y="0.0" width="320.0" height="200.0" rx="0.0" transform="translate(320, 200)" style="fill:#d4643e;fill-opacity:1.0;stroke:none;stroke-opacity:1.0"/></g><g style="opacity:1.0;mix-blend-mode:saturation"><rect x="0.0" y="0.0" width="320.0" height="200.0" rx="0.0" transform="translate(320, 600)" style="fill:#d4643e;fill-opacity:1.0;stroke:none;stroke-opacity:1.0"/></g><g style="opacity:1.0;mix-blend-mode:multiply"><rect x="0.0" y="0.0" width="320.0" height="200.0" rx="0.0" transform="translate(640, 0)" style="fill:#d4643e;fill-opacity:1.0;stroke:none;stroke-opacity:1.0"/></g><g style="opacity:1.0;mix-blend-mode:difference"><rect x="0.0" y="0.0" width="320.0" height="200.0" rx="0.0" transform="translate(640, 400)" style="fill:#d4643e;fill-opacity:1.0;stroke:none;stroke-opacity:1.0"/></g><g style="opacity:1.0;mix-blend-mode:color-dodge"><rect x="0.0" y="0.0" width="320.0" height="200.0" rx="0.0" transform="translate(640, 200)" style="fill:#d4643e;fill-opacity:1.0;stroke:none;stroke-opacity:1.0"/></g><g style="opacity:1.0;mix-blend-mode:color"><rect x="0.0" y="0.0" width="320.0" height="200.0" rx="0.0" transform="translate(640, 600)" style="fill:#d4643e;fill-opacity:1.0;stroke:none;stroke-opacity:1.0"/></g><g style="opacity:1.0;mix-blend-mode:color-burn"><rect x="0.0" y="0.0" width="320.0" height="200.0" rx="0.0" transform="translate(960, -1.42109e-14)" style="fill:#d4643e;fill-opacity:1.0;stroke:none;stroke-opacity:1.0"/></g><g style="opacity:1.0;mix-blend-mode:exclusion"><rect x="0.0" y="0.0" width="320.0" height="200.0" rx="0.0" transform="translate(960, 400)" style="fill:#d4643e;fill-opacity:1.0;stroke:none;stroke-opacity:1.0"/></g><g style="opacity:1.0;mix-blend-mode:overlay"><rect x="0.0" y="0.0" width="320.0" height="200.0" rx="0.0" transform="translate(960, 200)" style="fill:#d4643e;fill-opacity:1.0;stroke:none;stroke-opacity:1.0"/></g><g style="opacity:1.0;mix-blend-mode:luminosity"><rect x="0.0" y="0.0" width="320.0" height="200.0" rx="0.0" transform="translate(960, 600)" style="fill:#d4643e;fill-opacity:1.0;stroke:none;stroke-opacity:1.0"/></g><title>blend_modes.svg</title></svg>