<svg xmlns="http://www.w3.org/2000/svg" xmlns:svg="http://www.w3.org/2000/svg" xmlns:xlink="http://www.w3.org/1999/xlink" xmlns:sodipodi="http://sodipodi.sourceforge.net/DTD/sodipodi-0.dtd" xmlns:inkscape="http://www.inkscape.org/namespaces/inkscape" viewBox="0.0 0.0 1280.0 800.0" width="1280.0" height="800.0">
    <sodipodi:namedview guidecolor="#0080dc" guideopacity="0.8000000715255737"/><defs><clipPath id="clip-path0-g8555"><use xlink:href="#rect5815"/></clipPath><clipPath id="clip-path0-polygon5392"><rect x="447.0" y="216.0" width="464.0" height="375.0" rx="0.0" transform="matrix(0.780172 0 0 1 86.2629 0)"/></clipPath><clipPath id="clip-path0-g9603"><use xlink:href="#polygon5392"/></clipPath></defs><g style="opacity:1.0"><rect x="62.0" y="146.0" width="436.0" height="381.0" rx="0.0" transform="matrix(1.36239 0 0 1.33596 258.532 -49.5499)" style="fill:#eb3747;fill-opacity:1.0;stroke:none;stroke-opacity:1.0" id="rect5815"/><g style="opacity:1.0" id="g8555" clip-path="url(#clip-path0-g8555)"><polygon points="679,216 911,591 447,591" transform="translate(-39.0017, -3.50003)" style="fill:#00ffaa;fill-opacity:1.0;stroke:none;stroke-opacity:1.0" id="polygon5392" clip-path="url(#clip-path0-polygon5392)"/><g style="opacity:1.0" id="g9603" clip-path="url(#clip-path0-g9603)"><ellipse cx="624.5" cy="479.5" rx="145.5" ry="145.5" transform="translate(15.4983, -71.5)" style="fill:#1c9efc;fill-opacity:1.0;stroke:none;stroke-opacity:1.0"/></g></g></g><title>vector_crop.svg</title></svg>