<svg xmlns="http://www.w3.org/2000/svg" xmlns:svg="http://www.w3.org/2000/svg" xmlns:xlink="http://www.w3.org/1999/xlink" xmlns:sodipodi="http://sodipodi.sourceforge.net/DTD/sodipodi-0.dtd" xmlns:inkscape="http://www.inkscape.org/namespaces/inkscape" viewBox="0.0 0.0 1280.0 800.0" width="1280.0" height="800.0">
    <sodipodi:namedview guidecolor="#0080dc" guideopacity="0.8000000715255737"/><defs><rect x="0.0" y="0.0" width="1280.0" height="800.0" rx="0.0" id="rect5815"/><rect x="-53.0" y="437.0" width="323.0" height="191.0" rx="0.0" id="rect8555" transform="matrix(0.650155 0 0 0.979058 316.458 -244.799)"/><path d="M 205.094 735.736 C 248.588 723.643 290.431 699.455 335.575 699.455 C 381.896 699.455 432.411 735.158 483.022 735.736 C 534.508 736.325 593.37 702.987 644.489 702.987 C 694.12 702.987 740.122 737.035 789.736 735.736 C 852.294 734.099 943.139 707.355 1019.84 693.165" id="path5392" transform="matrix(1.5795 0 0 1.23706 -323.946 -110.622)"/><rect x="-16.0" y="466.0" width="1596.0838445807772" height="333.0504430811179" rx="0.0" id="rect9603"/><polygon points="563.5,195 701,439 426,439" id="polygon4306" transform="matrix(2.46182 0 0 0.770492 -1000.23 260.352)"/></defs><g style="opacity:1.0"><text style="shape-inside:url(#rect5815);white-space:pre;font-size:0;line-height:0;fill:#000000;fill-opacity:0;stroke:none;stroke-opacity:0" xml:space="preserve"><tspan sodipodi:role="line"><tspan style="line-height:31.200000000000003pt;text-anchor:start;text-align:start"><tspan style="fill:#000000;fill-opacity:1.0;stroke:none;stroke-opacity:0;font-size:24.0;font-family:Arial;font-weight:400;font-style:normal;font-stretch:normal;lang:en-IN">Regular </tspan><tspan style="fill:#000000;fill-opacity:1.0;stroke:none;stroke-opacity:0;font-size:24.0;font-family:Arial;font-weight:400;font-style:italic;font-stretch:normal;lang:en-IN">Italic</tspan><tspan style="fill:#000000;fill-opacity:1.0;stroke:none;stroke-opacity:0;font-size:24.0;font-family:Arial;font-weight:400;font-style:normal;font-stretch:normal;lang:en-IN"> </tspan><tspan style="fill:#000000;fill-opacity:1.0;stroke:none;stroke-opacity:0;font-size:24.0;font-family:Arial;font-weight:700;font-style:normal;font-stretch:normal;lang:en-IN">Bold</tspan><tspan style="fill:#000000;fill-opacity:1.0;stroke:none;stroke-opacity:0;font-size:24.0;font-family:Arial;font-weight:400;font-style:normal;font-stretch:normal;lang:en-IN"> </tspan><tspan style="fill:#000000;fill-opacity:1.0;stroke:none;stroke-opacity:0;font-size:24.0;font-family:Arial;font-weight:400;font-style:normal;font-stretch:condensed;lang:en-IN">Narrow</tspan><tspan style="fill:#000000;fill-opacity:1.0;stroke:none;stroke-opacity:0;font-size:24.0;font-family:Arial;font-weight:400;font-style:normal;font-stretch:normal;lang:en-IN"> </tspan><tspan style="fill:#000000;fill-opacity:1.0;stroke:none;stroke-opacity:0;font-size:48.0;font-family:Arial;font-weight:400;font-style:normal;font-stretch:normal;lang:en-IN">48pt</tspan><tspan style="fill:#000000;fill-opacity:1.0;stroke:none;stroke-opacity:0;font-size:24.0;font-family:Arial;font-weight:400;font-style:normal;font-stretch:normal;lang:en-IN"> </tspan><tspan style="fill:#000000;fill-opacity:1.0;stroke:none;stroke-opacity:0;font-size:24.0;font-family:Arial;font-weight:400;font-style:normal;font-stretch:normal;lang:en-IN;text-decoration-line:underline;text-decoration-style:solid;text-decoration-fill:#000000">Underline</tspan><tspan style="fill:#000000;fill-opacity:1.0;stroke:none;stroke-opacity:0;font-size:24.0;font-family:Arial;font-weight:400;font-style:normal;font-stretch:normal;lang:en-IN"> </tspan><tspan style="fill:#000000;fill-opacity:1.0;stroke:none;stroke-opacity:0;font-size:24.0;font-family:Arial;font-weight:400;font-style:normal;font-stretch:normal;lang:en-IN;text-decoration-line:underline;text-decoration-style:double;text-decoration-fill:#000000">Double-Underline</tspan><tspan style="fill:#000000;fill-opacity:1.0;stroke:none;stroke-opacity:0;font-size:24.0;font-family:Arial;font-weight:400;font-style:normal;font-stretch:normal;lang:en-IN"> </tspan><tspan style="fill:#000000;fill-opacity:1.0;stroke:none;stroke-opacity:0;font-size:24.0;font-family:Arial;font-weight:400;font-style:normal;font-stretch:normal;lang:en-IN;text-decoration-line:line-through;text-decoration-style:solid;text-decoration-fill:#000000">Strikethrough</tspan><tspan style="fill:#000000;fill-opacity:1.0;stroke:none;stroke-opacity:0;font-size:24.0;font-family:Arial;font-weight:400;font-style:normal;font-stretch:normal;lang:en-IN"> </tspan><tspan style="fill:#000000;fill-opacity:1.0;stroke:none;stroke-opacity:0;font-size:24.0;font-family:Arial;font-weight:400;font-style:normal;font-stretch:normal;lang:en-IN;text-decoration-line:line-through;text-decoration-style:double;text-decoration-fill:#000000">Double-Strikethrough</tspan><tspan style="fill:#000000;fill-opacity:1.0;stroke:none;stroke-opacity:0;font-size:24.0;font-family:Arial;font-weight:400;font-style:normal;font-stretch:normal;lang:en-IN">
</tspan></tspan><tspan style="line-height:30.0pt;text-anchor:start;text-align:start"><tspan style="fill:#000000;fill-opacity:1.0;stroke:none;stroke-opacity:0;font-size:30.0;font-family:Arial;font-weight:700;font-style:normal;font-stretch:normal;lang:en-IN;text-decoration-line:underline;text-decoration-style:solid;text-decoration-fill:#000000">Colored text:</tspan><tspan style="fill:#000000;fill-opacity:1.0;stroke:none;stroke-opacity:0;font-size:24.0;font-family:Arial;font-weight:400;font-style:normal;font-stretch:normal;lang:en-IN">
</tspan></tspan><tspan style="line-height:24.0pt;text-anchor:start;text-align:start"><tspan style="fill:#6e32ea;fill-opacity:1.0;stroke:none;stroke-opacity:1.0;font-size:24.0;font-family:Arial;font-weight:700;font-style:normal;font-stretch:normal;lang:en-IN">Fill</tspan><tspan style="fill:#6e32ea;fill-opacity:1.0;stroke:#ffb94e;stroke-opacity:1.0;stroke-linecap:butt;paint-order:fill stroke markers;stroke-width:0.9542168674698795;stroke-linejoin:round;font-size:24.0;font-family:Arial;font-weight:700;font-style:normal;font-stretch:normal;lang:en-IN"> </tspan><tspan style="fill:#ffffff;fill-opacity:1.0;stroke:#ff1cf0;stroke-opacity:1.0;stroke-linecap:butt;paint-order:fill stroke markers;stroke-width:0.9542168674698795;stroke-linejoin:round;font-size:24.0;font-family:Arial;font-weight:700;font-style:normal;font-stretch:normal;lang:en-IN">Outline</tspan><tspan style="fill:#4f45ff;fill-opacity:1.0;stroke:none;stroke-opacity:0;font-size:24.0;font-family:Arial;font-weight:400;font-style:normal;font-stretch:normal;lang:en-IN"> </tspan><tspan style="fill:#6e32ea;fill-opacity:1.0;stroke:none;stroke-opacity:0;font-size:24.0;font-family:Arial;font-weight:400;font-style:normal;font-stretch:normal;lang:en-IN;text-decoration-line:underline;text-decoration-style:solid;text-decoration-fill:#30a3ff">Underline</tspan><tspan style="fill:#6e32ea;fill-opacity:1.0;stroke:none;stroke-opacity:0;font-size:24.0;font-family:Arial;font-weight:400;font-style:normal;font-stretch:normal;lang:en-IN"> </tspan><tspan style="fill:#6e32ea;fill-opacity:1.0;stroke:none;stroke-opacity:0;font-size:24.0;font-family:Arial;font-weight:400;font-style:normal;font-stretch:normal;lang:en-IN;text-decoration-line:underline;text-decoration-style:double;text-decoration-fill:#30a3ff">Double-Underline</tspan><tspan style="fill:#6e32ea;fill-opacity:1.0;stroke:none;stroke-opacity:0;font-size:24.0;font-family:Arial;font-weight:400;font-style:normal;font-stretch:normal;lang:en-IN"> </tspan><tspan style="fill:#6e32ea;fill-opacity:1.0;stroke:none;stroke-opacity:0;font-size:24.0;font-family:Arial;font-weight:400;font-style:normal;font-stretch:normal;lang:en-IN;text-decoration-line:line-through;text-decoration-style:solid;text-decoration-fill:#30a3ff">Strikethrough</tspan><tspan style="fill:#6e32ea;fill-opacity:1.0;stroke:none;stroke-opacity:0;font-size:24.0;font-family:Arial;font-weight:400;font-style:normal;font-stretch:normal;lang:en-IN"> </tspan><tspan style="fill:#6e32ea;fill-opacity:1.0;stroke:none;stroke-opacity:0;font-size:24.0;font-family:Arial;font-weight:400;font-style:normal;font-stretch:normal;lang:en-IN;text-decoration-line:line-through;text-decoration-style:double;text-decoration-fill:#30a3ff">Double-Strikethrough</tspan><tspan style="fill:#6e32ea;fill-opacity:1.0;stroke:none;stroke-opacity:0;font-size:24.0;font-family:Arial;font-weight:400;font-style:normal;font-stretch:normal;lang:en-IN">
</tspan></tspan><tspan style="line-height:30.0pt;text-anchor:start;text-align:start"><tspan style="fill:#000000;fill-opacity:1.0;stroke:none;stroke-opacity:0;font-size:30.0;font-family:Arial;font-weight:700;font-style:normal;font-stretch:normal;lang:en-IN;text-decoration-line:underline;text-decoration-style:solid;text-decoration-fill:#000000">Line Heights:</tspan><tspan style="fill:#000000;fill-opacity:1.0;stroke:none;stroke-opacity:0;font-size:24.0;font-family:Arial;font-weight:400;font-style:normal;font-stretch:normal;lang:en-IN;text-decoration-line:underline;text-decoration-style:solid;text-decoration-fill:#000000">
</tspan></tspan><tspan style="line-height:24.0pt;text-anchor:start;text-align:start"><tspan style="fill:#000000;fill-opacity:1.0;stroke:none;stroke-opacity:0;font-size:24.0;font-family:Arial;font-weight:400;font-style:normal;font-stretch:normal;lang:en-IN;text-decoration-line:underline;text-decoration-style:solid;text-decoration-fill:#000000">Default</tspan><tspan style="fill:#000000;fill-opacity:1.0;stroke:none;stroke-opacity:0;font-size:24.0;font-family:Arial;font-weight:400;font-style:normal;font-stretch:normal;lang:en-IN"> - 24.8pt
</tspan></tspan><tspan style="line-height:10.0pt;text-anchor:start;text-align:start"><tspan style="fill:#000000;fill-opacity:1.0;stroke:none;stroke-opacity:0;font-size:24.0;font-family:Arial;font-weight:400;font-style:normal;font-stretch:normal;lang:en-IN;text-decoration-line:underline;text-decoration-style:solid;text-decoration-fill:#000000">Exactly</tspan><tspan style="fill:#000000;fill-opacity:1.0;stroke:none;stroke-opacity:0;font-size:24.0;font-family:Arial;font-weight:400;font-style:normal;font-stretch:normal;lang:en-IN"> - 10pt
</tspan></tspan><tspan style="line-height:28.799999999999997pt;text-anchor:start;text-align:start"><tspan style="fill:#000000;fill-opacity:1.0;stroke:none;stroke-opacity:0;font-size:24.0;font-family:Arial;font-weight:400;font-style:normal;font-stretch:normal;lang:en-IN;text-decoration-line:underline;text-decoration-style:solid;text-decoration-fill:#000000">% Height</tspan><tspan style="fill:#000000;fill-opacity:1.0;stroke:none;stroke-opacity:0;font-size:24.0;font-family:Arial;font-weight:400;font-style:normal;font-stretch:normal;lang:en-IN"> - 120%
</tspan></tspan><tspan style="line-height:24.0pt;text-anchor:start;text-align:start"><tspan style="fill:#000000;fill-opacity:1.0;stroke:none;stroke-opacity:0;font-size:24.0;font-family:Arial;font-weight:400;font-style:normal;font-stretch:normal;lang:en-IN;text-decoration-line:underline;text-decoration-style:solid;text-decoration-fill:#000000">At Least</tspan><tspan style="fill:#000000;fill-opacity:1.0;stroke:none;stroke-opacity:0;font-size:24.0;font-family:Arial;font-weight:400;font-style:normal;font-stretch:normal;lang:en-IN"> - 15pt
</tspan></tspan><tspan style="line-height:36.0pt;text-anchor:start;text-align:start"><tspan style="fill:#000000;fill-opacity:1.0;stroke:none;stroke-opacity:0;font-size:24.0;font-family:Arial;font-weight:400;font-style:normal;font-stretch:normal;lang:en-IN;text-decoration-line:underline;text-decoration-style:solid;text-decoration-fill:#000000">At Least</tspan><tspan style="fill:#000000;fill-opacity:1.0;stroke:none;stroke-opacity:0;font-size:24.0;font-family:Arial;font-weight:400;font-style:normal;font-stretch:normal;lang:en-IN"> - 36pt
</tspan></tspan><tspan style="line-height:36.0pt;text-anchor:start;text-align:start"><tspan style="fill:#000000;fill-opacity:1.0;stroke:none;stroke-opacity:0;font-size:24.0;font-family:Arial;font-weight:400;font-style:normal;font-stretch:normal;lang:en-IN;text-decoration-line:underline;text-decoration-style:solid;text-decoration-fill:#000000">Multiple</tspan><tspan style="fill:#000000;fill-opacity:1.0;stroke:none;stroke-opacity:0;font-size:24.0;font-family:Arial;font-weight:400;font-style:normal;font-stretch:normal;lang:en-IN"> - 1.5</tspan></tspan></tspan></text></g><g style="opacity:1.0"><rect x="597.8383223292818" y="183.04885927224495" width="619.3233553414353" height="171.95114072775505" rx="0.0" transform="matrix(1 0.36397 0 1.01952 -1.82248e-13 -232.089)" style="fill:#000000;fill-opacity:0;stroke:#439aff;stroke-opacity:1.0;stroke-dasharray:5.0 5.0;stroke-linecap:round;paint-order:fill stroke markers;stroke-width:1.0;stroke-linejoin:round"/></g><g style="opacity:1.0"><rect x="313.0" y="216.71582031249994" width="209.9999999999999" height="170.99999999999977" rx="0.0" transform="matrix(1 0 0 1.09357 -31 -53.9445)" style="fill:#ebebeb;fill-opacity:0.0;stroke:#439aff;stroke-opacity:1.0;stroke-dasharray:5.0 5.0;stroke-linecap:round;paint-order:fill stroke markers;stroke-width:1.0;stroke-linejoin:round"/></g><g style="opacity:1.0"><text style="shape-inside:url(#rect8555);white-space:pre;font-size:0;line-height:0;fill:#000000;fill-opacity:0;stroke:none;stroke-opacity:0" xml:space="preserve" transform="translate(0.000302286, -0.000410376)"><tspan sodipodi:role="line"><tspan style="line-height:39.0pt;text-anchor:start;text-align:start"><tspan style="fill:#000000;fill-opacity:1.0;stroke:none;stroke-opacity:1.0;font-size:30.0;font-family:;font-weight:400;font-style:normal;font-stretch:normal;lang:en-IN">wrapped framed text
</tspan></tspan><tspan style="line-height:60.0pt;text-anchor:start;text-align:start"><tspan style="fill:#000000;fill-opacity:1.0;stroke:none;stroke-opacity:1.0;font-size:30.0;font-family:;font-weight:400;font-style:normal;font-stretch:normal;lang:en-IN">line2</tspan></tspan></tspan></text></g><g style="opacity:1.0"><text style="white-space:pre;font-size:0;line-height:0;fill:#000000;fill-opacity:0;stroke:none;stroke-opacity:0" xml:space="preserve" transform="translate(0.000209612, 0.000216178)"><textPath xlink:href="#path5392" startOffset="6.200630470271889%" side="left"><tspan style="line-height:194.05044308111792pt;text-anchor:start;text-align:start"><tspan style="fill:#000000;fill-opacity:1.0;stroke:none;stroke-opacity:0;font-size:194.05044308111792;font-family:Arial;font-weight:400;font-style:normal;font-stretch:normal;lang:en-IN">text on curve</tspan></tspan></textPath></text></g><g style="opacity:1.0"><text style="shape-inside:url(#rect9603);white-space:pre;font-size:0;line-height:0;fill:#000000;fill-opacity:0;stroke:none;stroke-opacity:0" xml:space="preserve" transform="matrix(0.44326 0.161333 -1.38778e-16 1.23154 603.419 -397.54)"><tspan sodipodi:role="line"><tspan style="line-height:126.13278800272666pt;text-anchor:start;text-align:start"><tspan style="fill:#000000;fill-opacity:1.0;stroke:none;stroke-opacity:0;font-size:194.05044308111792;font-family:Arial;font-weight:400;font-style:normal;font-stretch:normal;lang:en-IN">transformed text</tspan></tspan></tspan></text></g><g style="opacity:1.0"><text style="shape-inside:url(#polygon4306);white-space:pre;font-size:0;line-height:0;fill:#000000;fill-opacity:0;stroke:none;stroke-opacity:0" xml:space="preserve" transform="translate(-0.00528418, 0.000527014)"><tspan sodipodi:role="line"><tspan style="line-height:39.0pt;text-anchor:start;text-align:start"><tspan style="fill:#000000;fill-opacity:1.0;stroke:none;stroke-opacity:1.0;font-size:30.0;font-family:;font-weight:400;font-style:normal;font-stretch:normal;lang:en-IN">This is text inside a transformed triangle</tspan></tspan></tspan></text></g><g style="opacity:1.0"><polygon points="877.5,143.216 1216,352.427 539,352.427" transform="matrix(1 0 0 0.898615 -490.5 281.903)" style="fill:#ebebeb;fill-opacity:0.0;stroke:#439aff;stroke-opacity:1.0;stroke-dasharray:5.0 5.0;stroke-linecap:round;paint-order:fill stroke markers;stroke-width:1.0;stroke-linejoin:round"/></g><g style="opacity:1.0"><path d="M 0 800.283 C 69.3333 785.855 137.181 757 208 757 C 281.833 757 363.352 799.619 443 800.283 C 523 800.95 609.25 761.047 688 761 C 764.94 760.954 838.567 801.004 915.5 800 C 1014.17 798.713 1158.5 768.851 1280 753.276" style="fill:#000000;fill-opacity:0;stroke:#439aff;stroke-opacity:1.0;stroke-dasharray:5.0 5.0;stroke-linecap:round;paint-order:fill stroke markers;stroke-width:1.0;stroke-linejoin:round"/></g><title>text.svg</title></svg>