<svg xmlns="http://www.w3.org/2000/svg" xmlns:svg="http://www.w3.org/2000/svg" xmlns:xlink="http://www.w3.org/1999/xlink" xmlns:sodipodi="http://sodipodi.sourceforge.net/DTD/sodipodi-0.dtd" xmlns:inkscape="http://www.inkscape.org/namespaces/inkscape" viewBox="0.0 0.0 1280.0 800.0" width="1280.0" height="800.0">
    <sodipodi:namedview guidecolor="#0080dc" guideopacity="0.8000000715255737"/><defs><filter color-interpolation-filters="sRGB" id="filter5815"><feGaussianBlur stdDeviation="5.0" result="blur"/></filter><clipPath id="clip-path0-g5392"><use xlink:href="#rect8555"/></clipPath></defs><g style="opacity:1.0;filter:url(#filter5815)"><rect x="367.0" y="280.0" width="502.0" height="291.0" rx="0.0" transform="translate(22, -25.5)" style="fill:#1a62c8;fill-opacity:1.0;stroke:#000000;stroke-opacity:1.0;stroke-linecap:round;paint-order:fill stroke markers;stroke-width:5.0;stroke-linejoin:round" id="rect8555"/><g style="opacity:1.0" id="g5392" clip-path="url(#clip-path0-g5392)"><ellipse cx="640.0" cy="400.0" rx="119.0" ry="119.0" style="fill:#1ac89c;fill-opacity:1.0;stroke:#000000;stroke-opacity:1.0;stroke-linecap:round;paint-order:fill stroke markers;stroke-width:5.0;stroke-linejoin:round"/></g></g><title>blur.svg</title></svg>