<svg xmlns="http://www.w3.org/2000/svg" xmlns:svg="http://www.w3.org/2000/svg" xmlns:xlink="http://www.w3.org/1999/xlink" xmlns:sodipodi="http://sodipodi.sourceforge.net/DTD/sodipodi-0.dtd" xmlns:inkscape="http://www.inkscape.org/namespaces/inkscape" viewBox="0.0 0.0 2480.314960629921 3507.8740157480315" width="2480.314960629921" height="3507.8740157480315">
    <sodipodi:namedview guidecolor="#0080dc" guideopacity="0.8000000715255737"/><defs><inkscape:path-effect effect="powerstroke" is_visible="true" lpeversion="1.3" scale_width="1" interpolator_type="CubicBezierSmooth" interpolator_beta="0.22" start_linecap_type="butt" end_linecap_type="butt" linejoin_type="round" miter_limit="1.5" sort_points="true" not_jump="false" offset_points="0.000000,4.166667 | 2.609938,12.158378 | 3.507956,23.760490 | 4.000000,4.166667 | 4.000000,4.166667 | 6.595840,12.158378 | 7.274168,23.760490 | 7.999756,4.166667" id="path-effect5815"/><inkscape:path-effect effect="powerstroke" is_visible="true" lpeversion="1.3" scale_width="1" interpolator_type="CubicBezierSmooth" interpolator_beta="0.22" start_linecap_type="round" end_linecap_type="round" linejoin_type="round" miter_limit="1.5" sort_points="true" not_jump="false" offset_points="0.000000,0.500000 | 0.047178,29.212073 | 0.636459,1.881517 | 1.000000,0.500000 | 1.000000,0.500000 | 1.047178,29.212073 | 1.636459,1.881517 | 2.000000,0.500000" id="path-effect8555"/><inkscape:path-effect effect="powerstroke" is_visible="true" lpeversion="1.3" scale_width="1" interpolator_type="CubicBezierSmooth" interpolator_beta="0.22" start_linecap_type="round" end_linecap_type="round" linejoin_type="round" miter_limit="1.5" sort_points="true" not_jump="false" offset_points="0.000000,0.500000 | 0.077414,19.333612 | 1.000000,0.500000 | 1.000000,0.500000 | 1.077414,19.333612 | 2.000000,0.500000 | 2.000000,0.500000 | 2.077414,19.333612 | 3.000000,0.500000 | 3.000000,0.500000 | 3.077414,19.333612 | 4.000000,0.500000" id="path-effect5392"/><inkscape:path-effect effect="powerstroke" is_visible="true" lpeversion="1.3" scale_width="1" interpolator_type="CubicBezierSmooth" interpolator_beta="0.22" start_linecap_type="round" end_linecap_type="round" linejoin_type="round" miter_limit="1.5" sort_points="true" not_jump="false" offset_points="0.000000,0.500000 | 0.516998,12.408259 | 0.599713,40.594830 | 0.906844,54.208201 | 0.999999,43.603170 | 1.360815,9.447852 | 2.577123,39.471008 | 3.000000,0.500000" id="path-effect9603"/><linearGradient x1="0" y1="0" x2="1" y2="0" gradientTransform="matrix(84.2766 -71.9862 71.9862 84.2766 881.925 315.657)" gradientUnits="userSpaceOnUse" id="linearGradient4306"><stop offset="0.0" style="stop-color:#c0cfc2;stop-opacity:1.0"/><stop offset="0.5" style="stop-color:#8ac294;stop-opacity:1.0"/><stop offset="1.0" style="stop-color:#57b567;stop-opacity:1.0"/></linearGradient><inkscape:path-effect effect="powerstroke" is_visible="true" lpeversion="1.3" scale_width="1" interpolator_type="CubicBezierSmooth" interpolator_beta="0.22" start_linecap_type="round" end_linecap_type="round" linejoin_type="round" miter_limit="1.5" sort_points="true" not_jump="false" offset_points="0.000000,27.993974 | 0.999996,32.069269 | 1.999998,8.267794 | 2.999939,27.993974" id="path-effect7856"/></defs><g style="opacity:1.0"><path d="M 853.994 274.974 L 1080.98 123.276 L 1223.69 315.427 L 1068.62 462.63 L 853.994 274.974 Z M 980.971 259.243 L 1060.75 365.993 L 1115.81 334.53 C 1115.81 334.53 1105.7 277.222 1065.25 258.119 C 1024.79 239.016 980.971 259.243 980.971 259.243 Z" transform="translate(59.5554, -64.0502)" style="fill:#bc4360;fill-opacity:1.0;stroke:none;stroke-opacity:1.0;stroke-linecap:butt;paint-order:fill stroke markers;stroke-width:47.520979706018004;stroke-linejoin:round" inkscape:original-d="M 853.994 274.974 L 1080.98 123.276 L 1223.69 315.427 L 1068.62 462.63 L 853.994 274.974 Z M 980.971 259.243 L 1060.75 365.993 L 1115.81 334.53 C 1115.81 334.53 1105.7 277.222 1065.25 258.119 C 1024.79 239.016 980.971 259.243 980.971 259.243 Z"/><path d="M 853.994 274.974 L 1080.98 123.276 L 1223.69 315.427 L 1068.62 462.63 L 853.994 274.974 Z M 980.971 259.243 L 1060.75 365.993 L 1115.81 334.53 C 1115.81 334.53 1105.7 277.222 1065.25 258.119 C 1024.79 239.016 980.971 259.243 980.971 259.243 Z" transform="translate(59.5554, -64.0502)" style="fill:#7543bc;fill-opacity:1.0;stroke:none;stroke-linecap:butt;paint-order:fill stroke markers;stroke-width:47.520979706018004;stroke-linejoin:round" inkscape:original-d="M 853.994 274.974 L 1080.98 123.276 L 1223.69 315.427 L 1068.62 462.63 L 853.994 274.974 Z M 980.971 259.243 L 1060.75 365.993 L 1115.81 334.53 C 1115.81 334.53 1105.7 277.222 1065.25 258.119 C 1024.79 239.016 980.971 259.243 980.971 259.243 Z" inkscape:path-effect="#path-effect5815"/></g><g style="opacity:1.0"><path d="M 651.34 303.031 L 690.669 302.657 M 735.991 302.657 L 1120.29 305.653" transform="translate(1.87281, 149.825)" style="fill:#1b0c94;fill-opacity:1.0;stroke:none;stroke-opacity:1.0;stroke-linecap:round;paint-order:fill stroke markers;stroke-width:58.42414591390219;stroke-linejoin:round" inkscape:original-d="M 651.34 303.031 L 690.669 302.657 M 735.991 302.657 L 1120.29 305.653"/><path d="M 651.34 303.031 L 690.669 302.657 M 735.991 302.657 L 1120.29 305.653" transform="translate(1.87281, 149.825)" style="fill:#940c0c;fill-opacity:1.0;stroke:none;stroke-linecap:round;paint-order:fill stroke markers;stroke-width:58.42414591390219;stroke-linejoin:round" inkscape:original-d="M 651.34 303.031 L 690.669 302.657 M 735.991 302.657 L 1120.29 305.653" inkscape:path-effect="#path-effect8555"/></g><g style="opacity:1.0"><path d="M 1114.42 46.1913 L 1142.77 90.7356" style="fill:#000000;fill-opacity:1.0;stroke:#940c0c;stroke-opacity:1.0;stroke-linecap:round;paint-order:fill stroke markers;stroke-width:1.0;stroke-linejoin:round"/></g><g style="opacity:1.0"><path d="M 650.216 539.38 L 764.832 537.882 M 1016.54 542.002 L 1300.08 531.14 M 913.908 538.631 L 994.065 538.631 M 860.346 537.882 L 893.682 537.507" style="fill:#940c56;fill-opacity:1.0;stroke:none;stroke-opacity:1.0;stroke-linecap:round;paint-order:fill stroke markers;stroke-width:38.66722312329919;stroke-linejoin:round" inkscape:original-d="M 650.216 539.38 L 764.832 537.882 M 1016.54 542.002 L 1300.08 531.14 M 913.908 538.631 L 994.065 538.631 M 860.346 537.882 L 893.682 537.507"/><path d="M 650.216 539.38 L 764.832 537.882 M 1016.54 542.002 L 1300.08 531.14 M 913.908 538.631 L 994.065 538.631 M 860.346 537.882 L 893.682 537.507" style="fill:#940c0c;fill-opacity:1.0;stroke:none;stroke-linecap:round;paint-order:fill stroke markers;stroke-width:38.66722312329919;stroke-linejoin:round" inkscape:original-d="M 650.216 539.38 L 764.832 537.882 M 1016.54 542.002 L 1300.08 531.14 M 913.908 538.631 L 994.065 538.631 M 860.346 537.882 L 893.682 537.507" inkscape:path-effect="#path-effect5392"/></g><g style="opacity:1.0"><path d="M 733.286 1094.2 C 784.241 1045.93 924.171 644.048 1183.84 812.604 C 1393.91 948.963 1661.21 603.419 1661.21 603.419 L 1803.35 823.331" style="fill:#000000;fill-opacity:0;stroke:none;stroke-opacity:1.0;stroke-linecap:round;paint-order:fill stroke markers;stroke-width:108.41640162655875;stroke-linejoin:round" inkscape:original-d="M 733.286 1094.2 C 784.241 1045.93 924.171 644.048 1183.84 812.604 C 1393.91 948.963 1661.21 603.419 1661.21 603.419 L 1803.35 823.331"/><path d="M 733.286 1094.2 C 784.241 1045.93 924.171 644.048 1183.84 812.604 C 1393.91 948.963 1661.21 603.419 1661.21 603.419 L 1803.35 823.331" style="fill:#000000;fill-opacity:1.0;stroke:none;stroke-linecap:round;paint-order:fill stroke markers;stroke-width:108.41640162655875;stroke-linejoin:round" inkscape:original-d="M 733.286 1094.2 C 784.241 1045.93 924.171 644.048 1183.84 812.604 C 1393.91 948.963 1661.21 603.419 1661.21 603.419 L 1803.35 823.331" inkscape:path-effect="#path-effect9603"/></g><g style="opacity:1.0"><path d="M 1414.02 802.193 L 1422.37 818.319" style="fill:#000000;fill-opacity:0;stroke:#bc4343;stroke-opacity:1.0;stroke-linecap:butt;paint-order:fill stroke markers;stroke-width:8.333333333333334;stroke-linejoin:round"/></g><g style="opacity:1.0"><path d="M 1164.65 850.57 L 1203.52 773.684" style="fill:#000000;fill-opacity:0;stroke:#bc4343;stroke-opacity:1.0;stroke-linecap:butt;paint-order:fill stroke markers;stroke-width:8.333333333333334;stroke-linejoin:round"/></g><g style="opacity:1.0"><path d="M 880.14 855.754 L 896.842 871.016" style="fill:#000000;fill-opacity:0;stroke:#bc4343;stroke-opacity:1.0;stroke-linecap:butt;paint-order:fill stroke markers;stroke-width:8.333333333333334;stroke-linejoin:round"/></g><g style="opacity:1.0"><path d="M 902.025 793.842 L 953.282 854.89" style="fill:#000000;fill-opacity:0;stroke:#bc4343;stroke-opacity:1.0;stroke-linecap:butt;paint-order:fill stroke markers;stroke-width:8.333333333333334;stroke-linejoin:round"/></g><g style="opacity:1.0"><path d="M 1098.99 832.717 L 1131.24 727.034" style="fill:#000000;fill-opacity:0;stroke:#bc4343;stroke-opacity:1.0;stroke-linecap:butt;paint-order:fill stroke markers;stroke-width:8.333333333333334;stroke-linejoin:round"/></g><g style="opacity:1.0"><path d="M 1701.36 731.49 L 1766.04 690.714" transform="translate(11.2485, 16.8728)" style="fill:#000000;fill-opacity:0;stroke:#bc4343;stroke-opacity:1.0;stroke-linecap:butt;paint-order:fill stroke markers;stroke-width:8.333333333333334;stroke-linejoin:round"/></g><g style="opacity:1.0"><path d="M 733.364 295.641 L 904.236 203.013 C 904.236 203.013 1027.93 201.287 1010.67 291.614 C 993.412 381.94 733.364 295.641 733.364 295.641 Z" transform="translate(-154.437, -45.6498)" style="fill:#7543bc;fill-opacity:1.0;stroke:none;stroke-linecap:round;paint-order:stroke markers fill;stroke-width:64.13853832811829;stroke-linejoin:round" inkscape:original-d="M 733.364 295.641 L 904.236 203.013 C 904.236 203.013 1027.93 201.287 1010.67 291.614 C 993.412 381.94 733.364 295.641 733.364 295.641 Z" inkscape:path-effect="#path-effect7856"/><path d="M 733.364 295.641 L 904.236 203.013 C 904.236 203.013 1027.93 201.287 1010.67 291.614 C 993.412 381.94 733.364 295.641 733.364 295.641 Z" transform="translate(-154.437, -45.6498)" style="fill:url(#linearGradient4306);fill-opacity:1.0;stroke:none;stroke-opacity:1.0;stroke-linecap:round;paint-order:stroke markers fill;stroke-width:64.13853832811829;stroke-linejoin:round" inkscape:original-d="M 733.364 295.641 L 904.236 203.013 C 904.236 203.013 1027.93 201.287 1010.67 291.614 C 993.412 381.94 733.364 295.641 733.364 295.641 Z"/></g><title>Unbenannt2.svg</title></svg>