<svg xmlns="http://www.w3.org/2000/svg" xmlns:svg="http://www.w3.org/2000/svg" xmlns:xlink="http://www.w3.org/1999/xlink" xmlns:sodipodi="http://sodipodi.sourceforge.net/DTD/sodipodi-0.dtd" xmlns:inkscape="http://www.inkscape.org/namespaces/inkscape" viewBox="0 0 11112 8334" width="11112" height="8334">
    <sodipodi:namedview><inkscape:page inkscape:label="Page 1" x="0" y="0" width="11112" height="8334"/></sodipodi:namedview><g inkscape:groupmode="layer" transform="matrix(1 0 0 -1 5556 4167)"><path d="M 2397 4167 L 0 0 L 5556 0 L 5546 309 L 5520 613 L 5478 913 L 5421 1207 L 5348 1496 L 5260 1778 L 5158 2053 L 5042 2322 L 4912 2583 L 4769 2836 L 4614 3080 L 4447 3316 L 4267 3542 L 4077 3759 L 3876 3965 L 3664 4161 L 2397 4167 Z" style="fill:#ff00ff;fill-rule:evenodd"/><path d="M -2406 4167 L 0 0 L 2406 4167 L -2406 4167 Z" style="fill:#0000ff;fill-rule:evenodd"/><path d="M -3650 4167 L -4048 3783 L -4406 3364 L -4721 2911 L -4990 2428 L -5107 2176 L -5211 1917 L -5302 1652 L -5380 1382 L -5444 1106 L -5494 825 L -5529 540 L -5550 250 L -5554 130 L -5555 9 L -5555 4 L -5555 -1 L 0 0 L -2406 4167 L -3650 4167 Z" style="fill:#00ffff;fill-rule:evenodd"/><path d="M -5556 0 L -5546 -309 L -5520 -613 L -5478 -913 L -5421 -1207 L -5348 -1496 L -5260 -1778 L -5158 -2053 L -5041 -2322 L -4912 -2583 L -4769 -2836 L -4614 -3080 L -4446 -3316 L -4267 -3542 L -4077 -3759 L -3875 -3965 L -3664 -4161 L -2406 -4167 L 0 0 L -5556 0 Z" style="fill:#00ff00;fill-rule:evenodd"/><path d="M 0 0 L 2406 -4167 L 3665 -4167 L 3877 -3970 L 4079 -3762 L 4269 -3545 L 4449 -3318 L 4616 -3081 L 4772 -2836 L 4914 -2583 L 5044 -2322 L 5160 -2053 L 5262 -1778 L 5349 -1495 L 5422 -1207 L 5479 -913 L 5521 -613 L 5547 -309 L 5556 0 L 0 0 Z" style="fill:#ff0000;fill-rule:evenodd"/><path d="M 0 0 L -2406 -4167 L 2406 -4167 L 0 0 Z" style="fill:#ffff00;fill-rule:evenodd"/><path d="M -4167 3472 L -4168 3436 L -4170 3401 L -4175 3366 L -4181 3332 L -4198 3266 L -4221 3202 L -4250 3141 L -4285 3084 L -4325 3031 L -4370 2981 L -4419 2936 L -4473 2896 L -4530 2862 L -4591 2832 L -4655 2809 L -4721 2792 L -4755 2786 L -4790 2781 L -4825 2779 L -4861 2778 L -4897 2779 L -4932 2781 L -4967 2786 L -5001 2792 L -5068 2809 L -5131 2832 L -5192 2862 L -5249 2896 L -5303 2936 L -5352 2981 L -5397 3031 L -5437 3084 L -5472 3141 L -5501 3202 L -5524 3266 L -5541 3332 L -5548 3366 L -5552 3401 L -5555 3436 L -5556 3472 L -5555 3508 L -5552 3543 L -5548 3578 L -5541 3612 L -5524 3679 L -5501 3742 L -5472 3803 L -5437 3860 L -5397 3914 L -5352 3963 L -5303 4008 L -5249 4048 L -5192 4083 L -5131 4112 L -5068 4135 L -5001 4153 L -4967 4159 L -4932 4163 L -4897 4166 L -4861 4167 L -4825 4166 L -4790 4163 L -4755 4159 L -4721 4153 L -4655 4135 L -4591 4112 L -4530 4083 L -4473 4048 L -4419 4008 L -4370 3963 L -4325 3914 L -4285 3860 L -4250 3803 L -4221 3742 L -4198 3679 L -4181 3612 L -4175 3578 L -4170 3543 L -4168 3508 L -4167 3472 Z" style="fill:#000000;fill-rule:evenodd"/><path d="M -5353 3966 L -5392 3923 L -5428 3877 L -5461 3828 L -5489 3777 L -5512 3723 L -5532 3666 L -5546 3608 L -5555 3548 L -5556 3403 L -5547 3341 L -5533 3282 L -5514 3225 L -5490 3170 L -5463 3118 L -5431 3069 L -5395 3023 L -5355 2980 L -4861 3474 L -5353 3966 Z" style="fill:#ffffff;fill-rule:evenodd"/><path d="M -4370 3963 L -4330 3920 L -4294 3874 L -4262 3825 L -4234 3774 L -4210 3720 L -4191 3663 L -4176 3605 L -4167 3545 L -4167 3400 L -4176 3338 L -4190 3279 L -4208 3222 L -4232 3167 L -4260 3115 L -4292 3066 L -4327 3020 L -4367 2977 L -4861 3471 L -4370 3963 Z" style="fill:#ffffff;fill-rule:evenodd"/><path d="M -4167 -2778 L -4167 -4167 L -5556 -4167 L -5556 -2778 L -4167 -2778 Z" style="fill:#000000;fill-rule:evenodd"/><path d="M -4167 -2778 L -4167 -3472 L -4861 -3472 L -4861 -2778 L -4167 -2778 Z" style="fill:#ffffff;fill-rule:evenodd"/><path d="M -4861 -3472 L -4861 -4167 L -5556 -4167 L -5556 -3472 L -4861 -3472 Z" style="fill:#ffffff;fill-rule:evenodd"/><path d="M 4167 -2778 L 4167 -4167 L 5556 -4167 L 5556 -2778 L 4167 -2778 Z" style="fill:#000000;fill-rule:evenodd"/><path d="M 4861 -3472 L 4167 -2778 L 5556 -2778 L 4861 -3472 Z" style="fill:#ffffff;fill-rule:evenodd"/><path d="M 4861 -3472 L 4167 -4167 L 5556 -4167 L 4861 -3472 Z" style="fill:#ffffff;fill-rule:evenodd"/><path d="M 5556 3472 L 5555 3436 L 5552 3401 L 5548 3366 L 5541 3332 L 5524 3266 L 5501 3202 L 5472 3141 L 5437 3084 L 5397 3031 L 5352 2981 L 5303 2936 L 5249 2896 L 5192 2862 L 5131 2832 L 5068 2809 L 5001 2792 L 4967 2786 L 4932 2781 L 4897 2779 L 4861 2778 L 4825 2779 L 4790 2781 L 4755 2786 L 4721 2792 L 4655 2809 L 4591 2832 L 4530 2862 L 4473 2896 L 4419 2936 L 4370 2981 L 4325 3031 L 4285 3084 L 4250 3141 L 4221 3202 L 4198 3266 L 4181 3332 L 4175 3366 L 4170 3401 L 4168 3436 L 4167 3472 L 4168 3508 L 4170 3543 L 4175 3578 L 4181 3612 L 4198 3679 L 4221 3742 L 4250 3803 L 4285 3860 L 4325 3914 L 4370 3963 L 4419 4008 L 4473 4048 L 4530 4083 L 4591 4112 L 4655 4135 L 4721 4153 L 4755 4159 L 4790 4163 L 4825 4166 L 4861 4167 L 4897 4166 L 4932 4163 L 4967 4159 L 5001 4153 L 5068 4135 L 5131 4112 L 5192 4083 L 5249 4048 L 5303 4008 L 5352 3963 L 5397 3914 L 5437 3860 L 5472 3803 L 5501 3742 L 5524 3679 L 5541 3612 L 5548 3578 L 5552 3543 L 5555 3508 L 5556 3472 Z" style="fill:#000000;fill-rule:evenodd"/><path d="M 4861 4167 L 4825 4166 L 4790 4163 L 4755 4159 L 4721 4153 L 4655 4135 L 4591 4112 L 4530 4083 L 4473 4048 L 4419 4008 L 4370 3963 L 4325 3914 L 4285 3860 L 4250 3803 L 4221 3742 L 4198 3679 L 4181 3612 L 4175 3578 L 4170 3543 L 4168 3508 L 4167 3472 L 4861 3472 L 4861 4167 Z" style="fill:#ffffff;fill-rule:evenodd"/><path d="M 4861 2778 L 4861 2778 L 4861 2778 L 4861 2778 L 4861 2778 L 4897 2779 L 4932 2781 L 4967 2786 L 5001 2792 L 5068 2809 L 5131 2832 L 5192 2862 L 5249 2896 L 5303 2936 L 5352 2981 L 5397 3031 L 5437 3084 L 5472 3141 L 5501 3202 L 5524 3266 L 5541 3332 L 5548 3366 L 5552 3401 L 5555 3436 L 5556 3472 L 4861 3472 L 4861 2778 Z" style="fill:#ffffff;fill-rule:evenodd"/><path d="M 2830 -2183 L 2046 -2182 L 1261 -2182 L -797 -2182 L -2856 -2182 L -2962 -2181 L -3069 -2174 L -3193 -2155 L -3314 -2126 L -3374 -2107 L -3432 -2085 L -3489 -2061 L -3544 -2033 L -3638 -1978 L -3725 -1914 L -3806 -1844 L -3880 -1767 L -3965 -1661 L -4039 -1548 L -4104 -1430 L -4159 -1309 L -4223 -1138 L -4274 -962 L -4313 -785 L -4343 -606 L -4380 -189 L -4381 229 L -4370 436 L -4349 642 L -4317 847 L -4271 1050 L -4228 1198 L -4175 1344 L -4111 1485 L -4034 1621 L -3972 1714 L -3902 1802 L -3826 1886 L -3742 1963 L -3694 2000 L -3645 2035 L -3594 2068 L -3541 2098 L -3486 2125 L -3430 2150 L -3373 2172 L -3314 2191 L -3213 2216 L -3110 2234 L -3006 2245 L -2902 2248 L -2808 2248 L -2715 2248 L 22 2248 L 2760 2248 L 2819 2248 L 2879 2248 L 2948 2245 L 3017 2238 L 3086 2229 L 3154 2216 L 3221 2200 L 3288 2181 L 3352 2158 L 3416 2131 L 3471 2104 L 3525 2074 L 3578 2041 L 3628 2006 L 3676 1969 L 3722 1929 L 3766 1887 L 3807 1843 L 3884 1750 L 3953 1651 L 3953 1911 L 3953 2171 L 3954 2178 L 3956 2185 L 3959 2192 L 3962 2199 L 3966 2205 L 3970 2212 L 3975 2217 L 3980 2223 L 3986 2228 L 3992 2232 L 3999 2236 L 4006 2240 L 4013 2243 L 4020 2245 L 4028 2247 L 4036 2247 L 4047 2248 L 4058 2248 L 4060 2248 L 4063 2248 L 4064 2248 L 4064 2248 L 4065 2248 L 4066 2248 L 4067 2248 L 4068 2248 L 4074 2248 L 4079 2248 L 4090 2248 L 4101 2248 L 4103 2248 L 4106 2248 L 4109 2248 L 4112 2248 L 4117 2248 L 4122 2248 L 4154 2248 L 4185 2248 L 4216 2248 L 4247 2247 L 4255 2245 L 4262 2243 L 4269 2241 L 4275 2237 L 4282 2234 L 4288 2230 L 4294 2225 L 4299 2220 L 4304 2215 L 4308 2209 L 4312 2203 L 4316 2197 L 4318 2190 L 4321 2184 L 4322 2177 L 4323 2170 L 4324 2128 L 4324 2086 L 4324 -7 L 4324 -2100 L 4323 -2107 L 4322 -2115 L 4319 -2122 L 4317 -2129 L 4313 -2136 L 4309 -2142 L 4304 -2148 L 4299 -2154 L 4293 -2159 L 4287 -2164 L 4281 -2169 L 4274 -2172 L 4266 -2176 L 4259 -2178 L 4251 -2180 L 4243 -2181 L 4205 -2183 L 4167 -2182 L 4098 -2183 L 4030 -2181 L 4022 -2180 L 4015 -2177 L 4008 -2175 L 4001 -2172 L 3994 -2168 L 3988 -2164 L 3982 -2159 L 3977 -2154 L 3972 -2148 L 3968 -2143 L 3964 -2136 L 3960 -2130 L 3958 -2123 L 3955 -2117 L 3954 -2110 L 3953 -2102 L 3953 -2062 L 3953 -2021 L 3953 -1803 L 3953 -1585 L 3876 -1694 L 3789 -1796 L 3742 -1844 L 3692 -1889 L 3639 -1932 L 3584 -1972 L 3529 -2006 L 3472 -2038 L 3413 -2067 L 3352 -2092 L 3290 -2114 L 3227 -2133 L 3163 -2149 L 3098 -2162 L 2964 -2178 L 2830 -2183 L 2830 -2183 Z M -2941 -1838 L -46 -1838 L 2849 -1838 L 2960 -1826 L 3070 -1803 L 3123 -1788 L 3176 -1771 L 3228 -1750 L 3278 -1727 L 3324 -1702 L 3368 -1675 L 3410 -1645 L 3451 -1613 L 3489 -1579 L 3526 -1543 L 3560 -1505 L 3592 -1466 L 3659 -1368 L 3716 -1264 L 3763 -1156 L 3802 -1045 L 3836 -928 L 3864 -810 L 3862 -819 L 3858 -828 L 3855 -836 L 3850 -845 L 3845 -853 L 3840 -861 L 3834 -869 L 3827 -876 L 3821 -883 L 3813 -890 L 3806 -896 L 3797 -902 L 3789 -907 L 3780 -912 L 3771 -916 L 3761 -919 L 3752 -923 L 3743 -925 L 3733 -927 L 3723 -929 L 3704 -931 L 3684 -931 L 2215 -927 L 746 -924 L 734 -924 L 721 -923 L 708 -922 L 696 -919 L 680 -915 L 664 -909 L 650 -902 L 635 -894 L 629 -890 L 622 -885 L 616 -880 L 610 -874 L 605 -868 L 599 -862 L 594 -856 L 590 -849 L 583 -838 L 577 -826 L 572 -813 L 569 -800 L 566 -787 L 565 -774 L 564 -760 L 564 -747 L 565 -217 L 565 314 L 565 529 L 565 744 L 566 754 L 568 764 L 570 774 L 573 784 L 577 793 L 581 802 L 586 811 L 591 820 L 597 828 L 604 836 L 611 844 L 619 851 L 627 858 L 635 864 L 644 870 L 653 875 L 702 905 L 752 932 L 805 956 L 859 976 L 891 984 L 923 990 L 956 993 L 989 994 L 1024 992 L 1060 987 L 1094 980 L 1129 971 L 1149 964 L 1169 957 L 1188 948 L 1207 938 L 1226 928 L 1243 916 L 1261 904 L 1277 891 L 1310 860 L 1340 827 L 1366 791 L 1389 753 L 1454 625 L 1506 492 L 1542 389 L 1581 287 L 1613 223 L 1650 162 L 1671 133 L 1693 104 L 1717 77 L 1743 51 L 1771 26 L 1800 3 L 1830 -19 L 1862 -39 L 1895 -58 L 1929 -74 L 1965 -88 L 2001 -100 L 2035 -109 L 2069 -116 L 2104 -121 L 2139 -125 L 2174 -127 L 2210 -127 L 2245 -126 L 2280 -123 L 2313 -118 L 2346 -111 L 2378 -103 L 2409 -93 L 2440 -81 L 2470 -67 L 2499 -52 L 2527 -36 L 2575 -5 L 2619 29 L 2661 65 L 2701 104 L 2754 165 L 2802 230 L 2843 298 L 2878 370 L 2934 502 L 2992 634 L 3036 714 L 3088 791 L 3111 819 L 3136 846 L 3160 867 L 3185 886 L 3212 903 L 3240 919 L 3269 932 L 3299 943 L 3330 953 L 3361 960 L 3408 968 L 3456 972 L 3468 972 L 3480 972 L 3492 972 L 3504 972 L 3527 970 L 3551 968 L 3574 964 L 3596 958 L 3618 952 L 3640 944 L 3683 927 L 3724 908 L 3751 893 L 3777 876 L 3802 858 L 3825 839 L 3830 835 L 3835 831 L 3839 826 L 3843 821 L 3851 812 L 3857 801 L 3863 793 L 3868 784 L 3872 776 L 3876 767 L 3879 757 L 3881 748 L 3883 739 L 3884 729 L 3884 695 L 3883 660 L 3876 -63 L 3868 -787 L 3867 -794 L 3866 -802 L 3888 -693 L 3907 -584 L 3946 -207 L 3951 173 L 3931 524 L 3880 873 L 3856 979 L 3828 1084 L 3793 1188 L 3752 1290 L 3718 1359 L 3680 1427 L 3636 1492 L 3587 1553 L 3536 1605 L 3479 1654 L 3419 1698 L 3356 1738 L 3268 1784 L 3176 1823 L 3080 1855 L 2982 1880 L 2912 1894 L 2841 1904 L 2559 1904 L 2278 1904 L -321 1904 L -2921 1904 L -2970 1901 L -3019 1896 L -2878 1896 L -2736 1896 L -2594 1896 L -2453 1895 L -2443 1894 L -2433 1892 L -2424 1890 L -2415 1887 L -2406 1884 L -2397 1881 L -2388 1877 L -2379 1873 L -2371 1868 L -2363 1862 L -2356 1857 L -2348 1851 L -2342 1844 L -2335 1837 L -2329 1830 L -2324 1823 L -2315 1808 L -2306 1792 L -2303 1783 L -2300 1775 L -2298 1766 L -2297 1758 L -2296 1747 L -2296 1737 L -2297 1727 L -2299 1717 L -2301 1707 L -2305 1697 L -2308 1687 L -2313 1677 L -2334 1628 L -2360 1580 L -2368 1564 L -2376 1548 L -2380 1539 L -2383 1531 L -2386 1522 L -2387 1513 L -2388 1509 L -2388 1505 L -2388 1500 L -2387 1496 L -2387 1491 L -2385 1487 L -2384 1483 L -2383 1478 L -2350 1402 L -2319 1325 L -2313 1304 L -2309 1284 L -2306 1263 L -2304 1243 L -2304 1222 L -2304 1201 L -2307 1181 L -2310 1160 L -2323 1108 L -2341 1057 L -2363 1008 L -2388 960 L -2411 916 L -2432 872 L -2438 854 L -2444 836 L -2448 817 L -2450 799 L -2450 794 L -2450 790 L -2450 785 L -2449 781 L -2448 777 L -2446 772 L -2445 770 L -2444 768 L -2443 767 L -2441 765 L -2429 749 L -2416 734 L -2361 675 L -2312 612 L -2300 594 L -2290 576 L -2285 567 L -2281 557 L -2278 547 L -2276 537 L -2274 527 L -2273 517 L -2273 507 L -2274 497 L -2275 487 L -2277 478 L -2280 468 L -2283 459 L -2287 449 L -2292 440 L -2297 432 L -2303 423 L -2309 415 L -2316 408 L -2323 400 L -2331 394 L -2344 384 L -2357 376 L -2371 368 L -2386 362 L -2401 357 L -2417 354 L -2425 353 L -2433 352 L -2441 351 L -2449 351 L -2484 352 L -2518 352 L -2553 352 L -2588 352 L -2568 281 L -2548 211 L -2536 143 L -2527 74 L -2519 -11 L -2513 -96 L -2509 -216 L -2507 -335 L -2509 -488 L -2515 -641 L -2535 -938 L -2555 -1236 L -2561 -1365 L -2564 -1494 L -2564 -1502 L -2563 -1510 L -2561 -1517 L -2559 -1525 L -2555 -1540 L -2550 -1554 L -2537 -1593 L -2524 -1632 L -2518 -1654 L -2515 -1677 L -2515 -1689 L -2517 -1702 L -2520 -1714 L -2524 -1725 L -2529 -1737 L -2535 -1748 L -2541 -1758 L -2549 -1768 L -2554 -1775 L -2560 -1781 L -2566 -1787 L -2573 -1793 L -2579 -1798 L -2586 -1803 L -2594 -1808 L -2601 -1812 L -2609 -1816 L -2617 -1819 L -2626 -1823 L -2634 -1825 L -2643 -1828 L -2651 -1830 L -2660 -1831 L -2669 -1832 L -2704 -1834 L -2740 -1833 L -2882 -1833 L -3025 -1833 L -3040 -1831 L -3056 -1828 L -3071 -1824 L -3086 -1819 L -3100 -1812 L -3113 -1805 L -3119 -1800 L -3126 -1796 L -3131 -1791 L -3137 -1785 L -3142 -1780 L -3146 -1775 L -3151 -1769 L -3155 -1763 L -3162 -1751 L -3167 -1738 L -3172 -1725 L -3175 -1712 L -3178 -1698 L -3179 -1685 L -3179 -1669 L -3177 -1654 L -3174 -1638 L -3170 -1624 L -3155 -1580 L -3140 -1536 L -3136 -1520 L -3133 -1503 L -3133 -1467 L -3133 -1430 L -3151 -1125 L -3182 -820 L -3204 -550 L -3209 -278 L -3206 -146 L -3195 -13 L -3185 87 L -3172 186 L -3163 228 L -3153 270 L -3140 311 L -3124 352 L -3124 352 L -3124 352 L -3124 352 L -3124 352 L -3124 352 L -3124 352 L -3124 352 L -3124 352 L -3124 352 L -3124 352 L -3124 352 L -3125 352 L -3125 352 L -3125 352 L -3125 352 L -3125 352 L -3125 352 L -3126 352 L -3126 352 L -3127 352 L -3127 352 L -3127 352 L -3127 352 L -3127 352 L -3127 352 L -3127 352 L -3127 352 L -3127 352 L -3127 352 L -3127 352 L -3211 351 L -3295 353 L -3307 355 L -3320 359 L -3332 363 L -3344 367 L -3355 373 L -3366 379 L -3376 386 L -3386 394 L -3396 402 L -3404 411 L -3412 421 L -3419 431 L -3426 441 L -3431 452 L -3436 463 L -3439 475 L -3441 483 L -3442 491 L -3443 499 L -3443 507 L -3443 515 L -3442 523 L -3441 531 L -3440 539 L -3438 547 L -3435 555 L -3432 563 L -3429 571 L -3425 578 L -3421 585 L -3417 592 L -3412 599 L -3363 662 L -3310 722 L -3299 736 L -3288 750 L -3279 765 L -3271 780 L -3269 784 L -3268 788 L -3268 792 L -3267 796 L -3267 800 L -3267 803 L -3267 807 L -3268 811 L -3271 828 L -3276 845 L -3281 862 L -3288 878 L -3329 960 L -3370 1042 L -3384 1080 L -3397 1119 L -3406 1158 L -3412 1198 L -3413 1218 L -3412 1239 L -3411 1260 L -3408 1280 L -3404 1301 L -3399 1321 L -3392 1341 L -3385 1360 L -3367 1401 L -3348 1441 L -3342 1455 L -3336 1470 L -3331 1484 L -3328 1500 L -3328 1507 L -3329 1514 L -3331 1520 L -3333 1527 L -3338 1540 L -3344 1553 L -3363 1587 L -3381 1622 L -3394 1650 L -3406 1679 L -3411 1691 L -3415 1703 L -3417 1710 L -3418 1716 L -3419 1723 L -3420 1729 L -3464 1693 L -3506 1655 L -3546 1615 L -3583 1574 L -3652 1486 L -3713 1393 L -3816 1203 L -3898 1005 L -3947 825 L -3978 641 L -4006 328 L -4013 14 L -4008 -195 L -3994 -404 L -3968 -611 L -3928 -817 L -3894 -949 L -3852 -1079 L -3800 -1206 L -3739 -1329 L -3694 -1404 L -3643 -1476 L -3588 -1545 L -3527 -1609 L -3497 -1637 L -3465 -1663 L -3432 -1688 L -3397 -1711 L -3362 -1732 L -3325 -1752 L -3286 -1769 L -3247 -1784 L -3191 -1802 L -3134 -1817 L -3076 -1828 L -3017 -1835 L -2979 -1837 L -2941 -1838 L -2941 -1838 Z M -217 -1829 L -299 -1827 L -381 -1821 L -462 -1810 L -542 -1794 L -617 -1780 L -692 -1771 L -757 -1760 L -822 -1755 L -858 -1757 L -894 -1761 L -939 -1768 L -984 -1778 L -1055 -1794 L -1128 -1805 L -1267 -1816 L -1407 -1818 L -1440 -1817 L -1472 -1813 L -1557 -1797 L -1639 -1777 L -1679 -1764 L -1718 -1750 L -1756 -1733 L -1793 -1714 L -1802 -1708 L -1811 -1701 L -1820 -1695 L -1828 -1688 L -1836 -1680 L -1843 -1672 L -1850 -1664 L -1856 -1655 L -1861 -1647 L -1865 -1638 L -1869 -1629 L -1873 -1621 L -1876 -1612 L -1878 -1602 L -1880 -1593 L -1881 -1584 L -1882 -1575 L -1882 -1565 L -1882 -1556 L -1881 -1546 L -1880 -1537 L -1878 -1528 L -1875 -1519 L -1872 -1510 L -1866 -1497 L -1859 -1485 L -1852 -1473 L -1844 -1462 L -1825 -1440 L -1805 -1420 L -1788 -1406 L -1771 -1394 L -1753 -1382 L -1734 -1371 L -1695 -1352 L -1654 -1335 L -1600 -1315 L -1545 -1297 L -1383 -1263 L -1221 -1227 L -1052 -1178 L -884 -1128 L -867 -1123 L -851 -1117 L -809 -1098 L -769 -1077 L -749 -1065 L -730 -1053 L -712 -1039 L -695 -1024 L -688 -1018 L -682 -1012 L -676 -1005 L -670 -998 L -665 -990 L -661 -983 L -657 -975 L -654 -966 L -644 -935 L -638 -902 L -634 -870 L -632 -837 L -633 -734 L -635 -632 L -644 -428 L -651 -224 L -654 220 L -657 664 L -660 1216 L -662 1769 L -662 1796 L -660 1823 L -658 1830 L -656 1836 L -653 1842 L -650 1848 L -646 1854 L -642 1860 L -637 1865 L -632 1870 L -626 1874 L -620 1878 L -614 1882 L -607 1885 L -601 1887 L -594 1889 L -586 1891 L -579 1892 L -569 1893 L -558 1893 L -556 1893 L -553 1893 L -552 1893 L -550 1893 L -549 1893 L -548 1893 L -543 1893 L -537 1893 L -527 1893 L -516 1892 L -514 1892 L -511 1892 L -509 1892 L -506 1892 L -501 1893 L -496 1893 L -349 1893 L -202 1893 L -56 1893 L 91 1892 L 99 1891 L 106 1889 L 114 1887 L 121 1884 L 128 1881 L 134 1877 L 141 1872 L 146 1867 L 152 1862 L 156 1856 L 161 1850 L 165 1844 L 168 1838 L 170 1831 L 172 1824 L 173 1816 L 174 1776 L 174 1735 L 174 666 L 174 -402 L 167 -755 L 150 -1107 L 142 -1181 L 133 -1255 L 137 -1300 L 142 -1346 L 155 -1459 L 158 -1573 L 157 -1578 L 156 -1583 L 154 -1587 L 152 -1592 L 148 -1601 L 145 -1610 L 140 -1629 L 133 -1647 L 125 -1665 L 115 -1682 L 103 -1698 L 90 -1713 L 76 -1727 L 61 -1740 L 46 -1751 L 31 -1761 L 15 -1770 L -2 -1778 L -35 -1793 L -70 -1806 L -104 -1816 L -139 -1824 L -157 -1826 L -175 -1828 L -193 -1829 L -211 -1829 L -214 -1829 L -217 -1829 L -217 -1829 Z M -244 -1495 L -231 -1489 L -218 -1482 L -228 -1363 L -232 -1243 L -223 -1169 L -213 -1096 L -203 -1015 L -198 -934 L -194 -618 L -188 -303 L -186 -210 L -187 -116 L -190 717 L -193 1549 L -194 1571 L -194 1592 L -238 1592 L -282 1593 L -279 659 L -274 -274 L -265 -503 L -259 -731 L -260 -839 L -269 -947 L -276 -989 L -285 -1031 L -296 -1072 L -310 -1112 L -317 -1129 L -324 -1145 L -333 -1161 L -343 -1177 L -379 -1225 L -420 -1270 L -437 -1285 L -455 -1300 L -475 -1312 L -495 -1324 L -546 -1350 L -599 -1374 L -673 -1401 L -747 -1427 L -775 -1435 L -803 -1442 L -640 -1451 L -477 -1468 L -432 -1476 L -387 -1483 L -317 -1490 L -246 -1496 L -245 -1496 L -244 -1495 L -244 -1495 Z M -2856 -680 L -2846 -464 L -2848 -247 L -2852 -158 L -2858 -70 L -2864 -139 L -2867 -209 L -2872 -353 L -2869 -497 L -2863 -591 L -2856 -685 L -2856 -683 L -2856 -680 L -2856 -680 Z M 3542 650 L 3532 652 L 3522 654 L 3511 656 L 3501 656 L 3479 656 L 3458 654 L 3446 653 L 3433 650 L 3421 646 L 3409 641 L 3398 636 L 3388 629 L 3383 625 L 3378 621 L 3373 617 L 3369 613 L 3360 603 L 3352 593 L 3344 582 L 3337 572 L 3324 549 L 3312 527 L 3268 430 L 3228 332 L 3180 223 L 3123 118 L 3076 43 L 3023 -29 L 2964 -97 L 2901 -160 L 2841 -212 L 2778 -260 L 2711 -304 L 2640 -343 L 2595 -364 L 2549 -383 L 2501 -399 L 2453 -413 L 2404 -424 L 2354 -433 L 2304 -439 L 2254 -442 L 2171 -443 L 2088 -438 L 2006 -426 L 1925 -408 L 1850 -385 L 1778 -357 L 1709 -322 L 1644 -283 L 1589 -244 L 1537 -202 L 1489 -157 L 1443 -109 L 1401 -58 L 1362 -5 L 1327 50 L 1296 107 L 1264 173 L 1237 241 L 1191 371 L 1144 499 L 1129 534 L 1112 569 L 1094 603 L 1073 635 L 1068 641 L 1062 647 L 1057 652 L 1050 657 L 1044 662 L 1037 666 L 1033 668 L 1029 669 L 1026 671 L 1022 672 L 1014 674 L 1006 675 L 998 677 L 990 677 L 982 677 L 975 677 L 967 676 L 959 675 L 945 671 L 931 666 L 918 659 L 906 653 L 906 627 L 906 601 L 906 -3 L 906 -608 L 2217 -611 L 3528 -614 L 3535 18 L 3542 650 L 3542 650 Z M -2765 668 L -2774 691 L -2781 714 L -2786 738 L -2789 762 L -2791 786 L -2791 811 L -2789 835 L -2786 859 L -2775 910 L -2759 960 L -2739 1009 L -2715 1056 L -2695 1093 L -2676 1131 L -2660 1169 L -2648 1209 L -2646 1215 L -2645 1222 L -2645 1225 L -2646 1228 L -2646 1230 L -2646 1231 L -2647 1233 L -2647 1234 L -2654 1254 L -2662 1274 L -2691 1333 L -2714 1394 L -2720 1417 L -2725 1440 L -2728 1463 L -2729 1486 L -2729 1510 L -2728 1533 L -2725 1556 L -2720 1579 L -2730 1579 L -2739 1579 L -2868 1579 L -2997 1579 L -2991 1548 L -2988 1517 L -2987 1486 L -2989 1455 L -2994 1424 L -3001 1393 L -3011 1363 L -3024 1334 L -3050 1280 L -3071 1224 L -3071 1222 L -3071 1219 L -3071 1216 L -3070 1214 L -3069 1208 L -3068 1203 L -3059 1175 L -3048 1148 L -2999 1049 L -2954 948 L -2940 903 L -2930 857 L -2927 833 L -2926 810 L -2926 787 L -2927 763 L -2930 739 L -2936 715 L -2943 691 L -2952 668 L -2858 668 L -2765 668 L -2765 668 Z" style="fill:#000000;fill-rule:evenodd"/><path d="M 2853 2161 L -83 2161 L -2913 2161 L -3040 2155 L -3161 2138 L -3219 2126 L -3276 2111 L -3331 2094 L -3385 2074 L -3437 2051 L -3488 2026 L -3538 1998 L -3586 1968 L -3632 1935 L -3677 1900 L -3721 1861 L -3763 1821 L -3827 1751 L -3886 1675 L -3942 1594 L -3994 1508 L -4041 1416 L -4084 1318 L -4124 1215 L -4159 1106 L -4216 871 L -4258 614 L -4282 335 L -4291 33 L -4283 -256 L -4259 -528 L -4218 -782 L -4162 -1019 L -4121 -1148 L -4075 -1269 L -4024 -1382 L -3969 -1486 L -3908 -1583 L -3842 -1671 L -3772 -1751 L -3696 -1822 L -3616 -1885 L -3530 -1940 L -3440 -1987 L -3344 -2025 L -3244 -2055 L -3139 -2077 L -3029 -2090 L -2913 -2095 L -50 -2095 L 2853 -2095 L 2862 -2095 L 2967 -2090 L 3067 -2078 L 3164 -2059 L 3256 -2033 L 3345 -2001 L 3429 -1961 L 3509 -1914 L 3585 -1860 L 3657 -1800 L 3725 -1732 L 3789 -1657 L 3848 -1576 L 3904 -1487 L 3956 -1392 L 4003 -1290 L 4046 -1180 L 4046 -2095 L 4230 -2095 L 4230 65 L 4230 2161 L 4046 2161 L 4046 1246 L 4003 1356 L 3955 1459 L 3904 1554 L 3848 1643 L 3788 1725 L 3724 1800 L 3655 1867 L 3583 1928 L 3506 1982 L 3425 2029 L 3340 2068 L 3251 2101 L 3158 2126 L 3060 2145 L 2959 2157 L 2853 2161 L 2853 2161 Z M 2853 1991 L 2963 1973 L 3067 1949 L 3167 1919 L 3261 1883 L 3351 1842 L 3435 1794 L 3514 1740 L 3587 1680 L 3643 1626 L 3695 1566 L 3743 1499 L 3788 1426 L 3829 1346 L 3867 1259 L 3901 1166 L 3932 1066 L 3982 847 L 4018 602 L 4039 331 L 4046 33 L 4038 -245 L 4012 -512 L 3969 -768 L 3909 -1014 L 3877 -1118 L 3840 -1215 L 3799 -1306 L 3753 -1390 L 3703 -1469 L 3648 -1541 L 3589 -1608 L 3525 -1668 L 3457 -1721 L 3384 -1769 L 3307 -1811 L 3225 -1846 L 3139 -1875 L 3048 -1898 L 2953 -1915 L 2853 -1925 L -109 -1925 L -2941 -1925 L -3013 -1923 L -3082 -1916 L -3148 -1904 L -3212 -1887 L -3274 -1868 L -3334 -1844 L -3391 -1817 L -3447 -1785 L -3501 -1749 L -3552 -1708 L -3601 -1663 L -3648 -1614 L -3704 -1548 L -3756 -1477 L -3804 -1401 L -3849 -1320 L -3928 -1143 L -3992 -947 L -4042 -732 L -4078 -496 L -4100 -241 L -4107 33 L -4098 362 L -4073 646 L -4053 771 L -4030 885 L -4002 988 L -3969 1080 L -3876 1290 L -3772 1472 L -3716 1553 L -3657 1627 L -3595 1694 L -3531 1755 L -3463 1808 L -3393 1855 L -3320 1895 L -3244 1928 L -3166 1954 L -3085 1973 L -3000 1985 L -2913 1991 L 7 1991 L 2853 1991 L 2853 1991 Z M -3250 1809 L -3254 1808 L -3259 1808 L -3264 1807 L -3268 1807 L -3272 1805 L -3276 1804 L -3280 1802 L -3284 1801 L -3288 1798 L -3292 1796 L -3295 1793 L -3299 1791 L -3302 1787 L -3305 1784 L -3308 1780 L -3311 1777 L -3315 1771 L -3318 1766 L -3320 1761 L -3323 1756 L -3324 1751 L -3326 1747 L -3326 1742 L -3326 1737 L -3326 1735 L -3326 1732 L -3325 1729 L -3325 1726 L -3322 1719 L -3319 1713 L -3302 1670 L -3280 1629 L -3260 1592 L -3246 1561 L -3243 1554 L -3241 1547 L -3239 1540 L -3237 1532 L -3235 1514 L -3234 1495 L -3234 1492 L -3235 1487 L -3235 1482 L -3236 1477 L -3237 1471 L -3240 1459 L -3245 1445 L -3258 1413 L -3277 1374 L -3295 1335 L -3308 1297 L -3313 1279 L -3316 1262 L -3318 1245 L -3319 1229 L -3319 1204 L -3315 1179 L -3310 1154 L -3302 1129 L -3293 1102 L -3270 1048 L -3240 990 L -3211 934 L -3190 883 L -3182 860 L -3177 838 L -3174 817 L -3173 798 L -3173 787 L -3174 781 L -3175 774 L -3177 767 L -3179 759 L -3185 744 L -3193 729 L -3202 712 L -3214 695 L -3228 678 L -3244 659 L -3301 593 L -3338 545 L -3343 535 L -3347 526 L -3348 521 L -3349 517 L -3349 513 L -3350 510 L -3349 505 L -3349 500 L -3348 495 L -3347 490 L -3345 486 L -3343 482 L -3341 478 L -3338 474 L -3335 470 L -3332 466 L -3329 462 L -3325 459 L -3322 455 L -3318 452 L -3314 450 L -3310 447 L -3306 445 L -3302 444 L -3297 442 L -3293 441 L -3288 440 L -3283 439 L -3278 439 L -3273 439 L -2985 439 L -3003 400 L -3019 362 L -3034 327 L -3046 296 L -3057 265 L -3067 227 L -3076 190 L -3081 163 L -3085 133 L -3090 90 L -3095 48 L -3098 20 L -3101 -9 L -3106 -60 L -3110 -110 L -3112 -142 L -3114 -238 L -3115 -369 L -3106 -611 L -3077 -924 L -3048 -1242 L -3039 -1497 L -3039 -1510 L -3041 -1522 L -3043 -1535 L -3046 -1547 L -3055 -1574 L -3065 -1606 L -3076 -1637 L -3085 -1665 L -3085 -1682 L -3084 -1688 L -3084 -1694 L -3083 -1700 L -3081 -1705 L -3079 -1711 L -3076 -1716 L -3073 -1720 L -3069 -1725 L -3067 -1728 L -3064 -1730 L -3061 -1732 L -3058 -1734 L -3055 -1736 L -3052 -1738 L -3048 -1740 L -3044 -1741 L -3040 -1742 L -3036 -1743 L -3032 -1744 L -3028 -1745 L -3018 -1746 L -3008 -1746 L -2686 -1746 L -2681 -1746 L -2677 -1746 L -2673 -1746 L -2669 -1745 L -2665 -1744 L -2661 -1743 L -2658 -1742 L -2654 -1740 L -2650 -1739 L -2647 -1737 L -2643 -1735 L -2640 -1732 L -2637 -1730 L -2634 -1727 L -2631 -1724 L -2628 -1721 L -2623 -1715 L -2620 -1709 L -2616 -1704 L -2614 -1698 L -2611 -1693 L -2610 -1688 L -2609 -1686 L -2609 -1683 L -2609 -1681 L -2609 -1679 L -2609 -1677 L -2609 -1675 L -2610 -1672 L -2611 -1670 L -2612 -1667 L -2612 -1665 L -2612 -1663 L -2613 -1661 L -2623 -1629 L -2639 -1581 L -2648 -1555 L -2654 -1532 L -2656 -1522 L -2657 -1513 L -2658 -1505 L -2659 -1497 L -2659 -1494 L -2649 -1246 L -2628 -930 L -2608 -613 L -2601 -366 L -2602 -234 L -2605 -138 L -2606 -110 L -2611 -47 L -2616 16 L -2618 47 L -2622 73 L -2628 122 L -2636 173 L -2643 204 L -2652 232 L -2663 273 L -2675 318 L -2691 358 L -2710 397 L -2732 439 L -2444 439 L -2439 439 L -2434 439 L -2430 440 L -2425 441 L -2421 442 L -2417 444 L -2412 445 L -2408 447 L -2404 450 L -2400 452 L -2396 455 L -2393 459 L -2385 466 L -2378 474 L -2373 484 L -2370 494 L -2369 498 L -2368 502 L -2367 506 L -2367 510 L -2367 515 L -2368 520 L -2369 525 L -2370 529 L -2371 534 L -2373 538 L -2376 542 L -2378 545 L -2395 570 L -2413 594 L -2432 618 L -2453 641 L -2492 684 L -2521 718 L -2526 726 L -2531 734 L -2535 742 L -2538 751 L -2540 761 L -2542 770 L -2543 780 L -2544 791 L -2544 802 L -2542 820 L -2539 840 L -2534 861 L -2527 884 L -2506 934 L -2476 990 L -2446 1048 L -2423 1103 L -2414 1130 L -2407 1156 L -2401 1182 L -2398 1207 L -2398 1229 L -2398 1245 L -2400 1262 L -2404 1279 L -2408 1298 L -2421 1336 L -2440 1376 L -2458 1415 L -2472 1448 L -2476 1462 L -2479 1475 L -2481 1486 L -2482 1495 L -2481 1514 L -2479 1532 L -2478 1540 L -2476 1548 L -2473 1556 L -2471 1563 L -2456 1595 L -2436 1632 L -2415 1674 L -2398 1716 L -2394 1723 L -2392 1729 L -2391 1732 L -2391 1735 L -2390 1738 L -2390 1741 L -2390 1742 L -2390 1744 L -2391 1746 L -2391 1747 L -2392 1751 L -2394 1756 L -2399 1767 L -2405 1780 L -2408 1784 L -2411 1787 L -2415 1790 L -2418 1793 L -2421 1795 L -2425 1797 L -2428 1800 L -2432 1801 L -2436 1803 L -2440 1805 L -2444 1806 L -2449 1807 L -2453 1808 L -2457 1808 L -2462 1808 L -2467 1809 L -3250 1809 Z M -568 1806 L -567 1351 L -564 784 L -560 218 L -557 -237 L -555 -335 L -549 -459 L -543 -577 L -541 -657 L -541 -685 L -539 -728 L -538 -772 L -537 -806 L -538 -849 L -541 -889 L -546 -925 L -553 -957 L -561 -987 L -572 -1013 L -578 -1025 L -584 -1036 L -591 -1046 L -599 -1055 L -620 -1078 L -644 -1100 L -671 -1120 L -701 -1140 L -733 -1158 L -767 -1176 L -805 -1193 L -844 -1208 L -1224 -1319 L -1282 -1332 L -1349 -1345 L -1417 -1358 L -1478 -1370 L -1536 -1386 L -1597 -1408 L -1629 -1420 L -1658 -1432 L -1685 -1445 L -1708 -1459 L -1729 -1474 L -1746 -1489 L -1754 -1497 L -1761 -1505 L -1768 -1513 L -1773 -1522 L -1777 -1526 L -1780 -1531 L -1783 -1536 L -1785 -1542 L -1786 -1548 L -1788 -1554 L -1788 -1561 L -1789 -1568 L -1788 -1573 L -1788 -1578 L -1787 -1583 L -1786 -1588 L -1785 -1593 L -1783 -1597 L -1781 -1602 L -1779 -1606 L -1776 -1610 L -1774 -1614 L -1770 -1618 L -1767 -1622 L -1763 -1625 L -1759 -1629 L -1755 -1632 L -1750 -1635 L -1721 -1652 L -1688 -1667 L -1652 -1681 L -1613 -1693 L -1525 -1715 L -1424 -1731 L -1301 -1730 L -1197 -1724 L -1112 -1715 L -1046 -1703 L -944 -1681 L -864 -1671 L -842 -1668 L -814 -1667 L -775 -1670 L -727 -1676 L -686 -1683 L -664 -1685 L -598 -1695 L -491 -1715 L -427 -1727 L -359 -1735 L -288 -1740 L -215 -1742 L -200 -1742 L -182 -1741 L -164 -1739 L -145 -1736 L -125 -1731 L -83 -1717 L -38 -1698 L -27 -1692 L -17 -1686 L -7 -1680 L 2 -1674 L 10 -1667 L 18 -1660 L 24 -1653 L 31 -1646 L 36 -1638 L 41 -1630 L 45 -1622 L 48 -1614 L 50 -1605 L 52 -1597 L 53 -1588 L 54 -1578 L 65 -1561 L 62 -1475 L 52 -1376 L 42 -1291 L 38 -1251 L 39 -1240 L 42 -1223 L 46 -1194 L 52 -1150 L 57 -1093 L 61 -1027 L 76 -653 L 80 -294 L 80 1806 L -568 1806 Z M -376 1681 L -100 1678 L -99 1282 L -96 599 L -93 -28 L -92 -258 L -92 -272 L -98 -441 L -100 -657 L -100 -671 L -102 -867 L -108 -1013 L -113 -1062 L -123 -1130 L -133 -1199 L -138 -1248 L -138 -1287 L -136 -1331 L -131 -1393 L -125 -1457 L -123 -1507 L -123 -1512 L -124 -1517 L -124 -1520 L -125 -1522 L -126 -1524 L -127 -1526 L -128 -1528 L -129 -1530 L -130 -1532 L -132 -1533 L -133 -1535 L -135 -1536 L -136 -1538 L -138 -1539 L -157 -1550 L -180 -1562 L -204 -1574 L -223 -1586 L -370 -1572 L -457 -1561 L -457 -1561 L -457 -1560 L -457 -1560 L -458 -1560 L -458 -1560 L -459 -1560 L -460 -1559 L -462 -1559 L -468 -1557 L -475 -1556 L -494 -1553 L -520 -1550 L -587 -1543 L -670 -1536 L -755 -1530 L -829 -1529 L -847 -1529 L -862 -1530 L -874 -1531 L -883 -1532 L -1199 -1572 L -1320 -1586 L -1347 -1586 L -1405 -1583 L -1460 -1577 L -1486 -1572 L -1511 -1566 L -1535 -1558 L -1558 -1550 L -1523 -1532 L -1488 -1515 L -1451 -1501 L -1414 -1489 L -1330 -1469 L -1228 -1449 L -1134 -1431 L -1075 -1418 L -783 -1347 L -761 -1339 L -708 -1320 L -654 -1301 L -626 -1290 L -602 -1279 L -560 -1258 L -537 -1246 L -518 -1234 L -509 -1228 L -502 -1223 L -495 -1217 L -489 -1212 L -466 -1187 L -440 -1155 L -426 -1137 L -414 -1118 L -404 -1098 L -395 -1077 L -377 -1015 L -364 -948 L -356 -875 L -353 -796 L -353 -678 L -355 -591 L -361 -463 L -367 -328 L -369 -219 L -374 1003 L -376 1681 L -376 1681 Z M -3127 1666 L -2586 1666 L -2597 1645 L -2608 1624 L -2616 1603 L -2623 1582 L -2629 1561 L -2633 1540 L -2635 1520 L -2636 1499 L -2636 1495 L -2635 1478 L -2633 1459 L -2630 1441 L -2625 1422 L -2619 1403 L -2612 1384 L -2603 1364 L -2593 1344 L -2575 1307 L -2562 1275 L -2557 1262 L -2554 1249 L -2553 1243 L -2552 1238 L -2551 1233 L -2551 1229 L -2551 1218 L -2553 1201 L -2557 1182 L -2564 1161 L -2572 1138 L -2595 1086 L -2626 1026 L -2657 964 L -2679 906 L -2687 878 L -2693 852 L -2696 826 L -2697 802 L -2697 784 L -2696 772 L -2695 760 L -2693 747 L -2690 735 L -2682 710 L -2671 685 L -2658 659 L -2642 634 L -2623 607 L -2601 581 L -3115 581 L -3094 607 L -3075 634 L -3059 659 L -3045 685 L -3035 710 L -3027 735 L -3024 747 L -3022 760 L -3020 772 L -3019 784 L -3019 798 L -3021 823 L -3024 848 L -3029 875 L -3037 903 L -3059 961 L -3090 1024 L -3122 1085 L -3145 1137 L -3153 1161 L -3159 1182 L -3163 1201 L -3165 1218 L -3165 1229 L -3165 1233 L -3165 1237 L -3164 1242 L -3163 1248 L -3159 1259 L -3155 1273 L -3142 1304 L -3123 1341 L -3113 1361 L -3105 1380 L -3097 1400 L -3091 1419 L -3087 1437 L -3084 1456 L -3082 1474 L -3081 1492 L -3081 1495 L -3082 1515 L -3084 1535 L -3087 1556 L -3092 1577 L -3107 1621 L -3127 1666 Z M 973 907 L 960 906 L 946 905 L 931 903 L 916 900 L 885 891 L 850 878 L 774 843 L 689 793 L 685 790 L 682 787 L 679 784 L 676 781 L 673 778 L 670 775 L 668 772 L 666 768 L 664 764 L 663 761 L 661 757 L 660 753 L 659 749 L 659 745 L 658 740 L 658 736 L 658 -766 L 659 -774 L 660 -781 L 661 -784 L 662 -788 L 663 -791 L 664 -795 L 666 -798 L 667 -801 L 669 -804 L 671 -807 L 674 -810 L 676 -812 L 679 -815 L 681 -817 L 687 -822 L 693 -826 L 700 -829 L 706 -832 L 713 -834 L 720 -836 L 728 -837 L 735 -837 L 3698 -844 L 3706 -844 L 3713 -843 L 3720 -841 L 3727 -839 L 3733 -836 L 3740 -833 L 3746 -829 L 3752 -824 L 3757 -819 L 3762 -814 L 3764 -811 L 3766 -808 L 3767 -806 L 3769 -803 L 3770 -800 L 3771 -796 L 3772 -793 L 3773 -790 L 3774 -787 L 3774 -783 L 3775 -780 L 3775 -776 L 3775 -773 L 3790 722 L 3790 724 L 3790 726 L 3789 729 L 3789 731 L 3787 736 L 3785 741 L 3783 747 L 3779 752 L 3775 758 L 3771 765 L 3770 765 L 3769 767 L 3768 768 L 3767 769 L 3764 773 L 3759 777 L 3748 786 L 3733 798 L 3713 812 L 3689 826 L 3660 840 L 3627 855 L 3592 868 L 3557 878 L 3541 881 L 3524 884 L 3507 885 L 3491 886 L 3463 885 L 3437 883 L 3411 880 L 3387 876 L 3363 871 L 3340 864 L 3318 857 L 3297 848 L 3277 838 L 3257 827 L 3239 815 L 3222 801 L 3205 787 L 3189 771 L 3175 754 L 3161 736 L 3112 663 L 3074 592 L 3039 514 L 2999 419 L 2960 328 L 2927 259 L 2897 208 L 2864 159 L 2829 113 L 2792 69 L 2753 27 L 2711 -12 L 2666 -48 L 2620 -82 L 2571 -113 L 2522 -140 L 2471 -163 L 2420 -181 L 2368 -196 L 2314 -206 L 2260 -212 L 2205 -214 L 2146 -212 L 2090 -207 L 2035 -198 L 1982 -185 L 1931 -169 L 1882 -149 L 1834 -126 L 1789 -98 L 1745 -68 L 1704 -35 L 1666 1 L 1630 39 L 1596 80 L 1565 124 L 1537 171 L 1510 220 L 1478 293 L 1443 389 L 1408 490 L 1374 576 L 1337 655 L 1292 736 L 1279 756 L 1265 775 L 1250 792 L 1234 809 L 1217 824 L 1199 838 L 1181 851 L 1161 862 L 1141 873 L 1119 882 L 1097 889 L 1074 896 L 1050 901 L 1025 904 L 999 906 L 973 907 L 973 907 Z M 973 765 L 987 764 L 1001 763 L 1014 762 L 1027 760 L 1040 757 L 1052 753 L 1063 749 L 1075 744 L 1086 739 L 1096 733 L 1106 727 L 1115 719 L 1125 712 L 1133 703 L 1142 694 L 1150 684 L 1165 663 L 1180 638 L 1196 610 L 1211 579 L 1242 506 L 1272 421 L 1328 264 L 1372 160 L 1404 101 L 1439 45 L 1477 -7 L 1518 -56 L 1562 -102 L 1608 -144 L 1658 -184 L 1710 -219 L 1765 -252 L 1821 -279 L 1880 -303 L 1941 -322 L 2004 -337 L 2069 -348 L 2136 -354 L 2205 -356 L 2273 -354 L 2340 -347 L 2405 -335 L 2468 -318 L 2530 -296 L 2590 -269 L 2649 -238 L 2706 -202 L 2761 -162 L 2812 -119 L 2861 -73 L 2907 -25 L 2950 26 L 2990 80 L 3027 136 L 3061 195 L 3099 269 L 3138 357 L 3173 442 L 3201 510 L 3229 569 L 3264 628 L 3274 642 L 3285 655 L 3296 667 L 3307 679 L 3319 689 L 3332 699 L 3345 707 L 3358 715 L 3373 721 L 3387 727 L 3403 732 L 3419 736 L 3436 739 L 3454 741 L 3472 743 L 3491 743 L 3514 742 L 3536 740 L 3556 736 L 3575 731 L 3584 727 L 3593 724 L 3601 720 L 3609 715 L 3616 710 L 3623 705 L 3630 699 L 3637 693 L 3621 -702 L 812 -695 L 812 700 L 835 715 L 858 728 L 879 739 L 900 749 L 920 756 L 938 761 L 947 762 L 956 764 L 965 764 L 973 765 L 973 765 Z M -2858 357 L -2840 321 L -2826 286 L -2813 249 L -2803 211 L -2794 176 L -2787 149 L -2782 119 L -2778 77 L -2774 37 L -2772 12 L -2769 -17 L -2764 -67 L -2760 -117 L -2758 -145 L -2753 -278 L -2751 -366 L -2757 -602 L -2778 -914 L -2799 -1233 L -2808 -1494 L -2807 -1524 L -2804 -1552 L -2798 -1580 L -2789 -1608 L -2904 -1608 L -2896 -1581 L -2890 -1553 L -2886 -1526 L -2885 -1497 L -2885 -1494 L -2898 -1238 L -2927 -919 L -2956 -606 L -2966 -369 L -2964 -282 L -2958 -149 L -2957 -118 L -2952 -70 L -2947 -22 L -2945 8 L -2942 36 L -2939 76 L -2935 117 L -2929 147 L -2923 175 L -2914 211 L -2903 249 L -2891 286 L -2876 321 L -2858 357 L -2858 357 Z" style="fill:#ffffff;fill-rule:evenodd"/></g></svg>